

2019-11-13 18:41:56.795153,INFO: GAZP[TQBR]
[   259.630,      2955,    251.950,         1,    251.920,        42,    251.900,       891,    251.820,         6,    251.810,       241,    251.800,      2474,    251.790,      9005,    251.760,        24,    251.750,        34,    251.740,        52,    251.730,         9,    251.710,       461,    251.700,      6150,    251.690,       372,    251.680,       103,    251.670,       101,    251.660,       102,    251.650,       411,    251.640,       103]
[   250.560,        26,    251.800,      2422,    252.100,       806,    252.120,       250,    252.170,       121,    252.190,       305,    252.200,      1160,    252.240,       200,    252.250,       996,    252.260,       624,    252.270,         5,    252.290,        10,    252.300,       199,    252.320,       838,    252.330,      1372,    252.340,       200,    252.360,         1,    252.370,      1000,    252.390,      1021,    252.400,       100]
BID=259.630000 BIDDEPTH=25994.000000 BIDDEPTHT=821497.000000 NUMBIDS=4426.000000 OFFER=250.560000 OFFERDEPTH=298.000000 OFFERDEPTHT=357065.000000 NUMOFFERS=2669.000000 OPEN=256.110000 HIGH=257.190000 LOW=250.790000 LAST=252.100000 CHANGE=-5.150000 QTY=72.000000 TIME=183958.000000 VOLTODAY=85842620.000000 VALTODAY=21719088172.000000 TRADINGSTATUS=4.000000 VALUE=181512.000000 WAPRICE=253.020000 HIGHBID=279.320000 LOWOFFER=240.000000 NUMTRADES=106310.000000 PREVPRICE=257.250000 PREVWAPRICE=259.840000 CLOSEPRICE=0.000000 LASTCHANGE=-2.000000 PRIMARYDIST=0.000000 ACCRUEDINT=0.000000 YIELD=0.000000 COUPONVALUE=0.000000 YIELDATPREVWAPRICE=0.000000 YIELDATWAPRICE=0.000000 PRICEMINUSPREVWAPRICE=0.000000 CLOSEYIELD=0.000000 CURRENTVALUE=0.000000 LASTVALUE=0.000000 LASTTOPREVSTLPRC=0.000000 PREVSETTLEPRICE=0.000000 PRICEMVTLIMIT=0.000000 PRICEMVTLIMITT1=0.000000 MAXOUTVOLUME=0.000000 PRICEMAX=279.320000 PRICEMIN=234.970000 NEGVALTODAY=0.000000 NEGNUMTRADES=0.000000 NUMCONTRACTS=0.000000 CLOSETIME=0.000000 OPENVAL=0.000000 CHNGOPEN=0.000000 CHNGCLOSE=0.000000 BUYDEPO=0.000000 SELLDEPO=0.000000 CHANGETIME=0.000000 SELLPROFIT=0.000000 BUYPROFIT=0.000000 TRADECHANGE=0.000000 FACEVALUE=0.000000 MARKETPRICE=259.870000 MARKETPRICETODAY=0.000000 NEXTCOUPON=0.000000 BUYBACKPRICE=0.000000 BUYBACKDATE=0.000000 ISSUESIZE=23673512900.000000 PREVDATE=20191112.000000 DURATION=0.000000 LOPENPRICE=0.000000 LCURRENTPRICE=251.970000 LCLOSEPRICE=0.000000 QUOTEBASIS=0.000000 PREVADMITTEDQUOT=257.250000 LASTBID=252.050000 LASTOFFER=252.100000 PREVLEGALCLOSEPR=257.250000 COUPONPERIOD=0.000000 MARKETPRICE2=0.000000 ADMITTEDQUOTE=0.000000 BGOP=0.000000 BGONP=0.000000 STRIKE=0.000000 STEPPRICET=0.000000 STEPPRICE=0.000000 SETTLEPRICE=0.000000 OPTIONTYPE=0.000000 OPTIONBASE=0.000000 VOLATILITY=0.000000 THEORPRICE=0.000000 PERCENTRATE=0.000000 ISPERCENT=0.000000 CLSTATE=0.000000 CLPRICE=0.000000 STARTTIME=184001.000000 ENDTIME=0.000000 EVNSTARTTIME=0.000000 EVNENDTIME=0.000000 MONSTARTTIME=0.000000 MONENDTIME=0.000000 CURSTEPPRICE=0.000000 REALVMPRICE=0.000000 MARG=0.000000 EXPDATE=0.000000 CROSSRATE=0.000000 BASEPRICE=0.000000 HIGHVAL=0.000000 LOWVAL=0.000000 ICHANGE=0.000000 IOPEN=0.000000 PCHANGE=0.000000 OPENPERIODPRICE=256.110000 MIN_CURR_LAST=251.970000 SETTLECODE=8.000000 STEPPRICECL=0.000000 STEPPRICEPRCL=0.000000 MIN_CURR_LAST_TI=184000.000000 LOTSIZE=10.000000 PREVLOTSIZE=0.000000 LOTSIZECHANGEDAT=0.000000 plannedtime=184001.000000 starttime=184001.000000 endtime=0.000000 AUCTPRICE=252.890000 auctvalue=65736226.600000 auctvolume=259940.000000 auctnumtrades=0.000000 imbalance=0.000000 marketvolb=230390.000000 marketvols=2720.000000 
